scenario human_main
call behave
status SUCCEEDED
plan 3
step !take "apple"
step !peel "apple"
step !eat "apple"
resolve
exec !take "apple"
exec !peel "apple"
exec !eat "apple"
resolution completed
raw behave
status SUCCEEDED
info peak=6 capacity=8192 error=-
plan 3
step !take "apple"
step !peel "apple"
step !eat "apple"
call behave_upper_body
status SUCCEEDED
plan 1
step !talk "This fruit is very tasty!"
call no_such_method
status INVALID_CALL
plan 0
raw behave 1 2
status INVALID_CALL
info peak=0 capacity=8192 error=-
plan 0
end
scenario nested
call test_nested_calls
trace inc(1) -> 2
trace inc(2) -> 3
trace inc(3) -> 4
trace inc(4) -> 5
trace mul(3, 5) -> 15
trace add(2, 15) -> 17
trace inc(4) -> 5
trace inc(5) -> 6
trace inc(6) -> 7
trace inc(7) -> 8
trace add(6, 8) -> 14
trace add(5, 14) -> 19
status SUCCEEDED
plan 2
step !capture 17
step !capture 19
end
